[0.900s] DEBUG:colcon:Command line arguments: ['/usr/bin/colcon', 'build', '--packages-select', 'lidar_processing']
[0.900s] DEBUG:colcon:Parsed command line arguments: Namespace(ament_cmake_args=None, base_paths=['.'], build_base='build', catkin_cmake_args=None, catkin_skip_building_tests=False, cmake_args=None, cmake_clean_cache=False, cmake_clean_first=False, cmake_force_configure=False, cmake_target=None, cmake_target_skip_unavailable=False, continue_on_error=False, event_handlers=None, executor='parallel', ignore_user_meta=False, install_base='install', log_base=None, log_level=None, main=<bound method BuildVerb.main of <colcon_core.verb.build.BuildVerb object at 0x7ffb1df88ac0>>, merge_install=False, metas=['./colcon.meta'], mixin=None, mixin_files=None, mixin_verb=('build',), packages_above=None, packages_above_and_dependencies=None, packages_above_depth=None, packages_end=None, packages_ignore=None, packages_ignore_regex=None, packages_select=['lidar_processing'], packages_select_build_failed=False, packages_select_by_dep=None, packages_select_regex=None, packages_select_test_failures=False, packages_skip=None, packages_skip_build_finished=False, packages_skip_by_dep=None, packages_skip_regex=None, packages_skip_test_passed=False, packages_skip_up_to=None, packages_start=None, packages_up_to=None, packages_up_to_regex=None, parallel_workers=12, paths=None, symlink_install=False, test_result_base=None, verb_extension=<colcon_core.verb.build.BuildVerb object at 0x7ffb1df88ac0>, verb_name='build', verb_parser=<colcon_mixin.mixin.mixin_argument.MixinArgumentDecorator object at 0x7ffb1df930d0>)
[0.976s] Level 1:colcon.colcon_core.package_discovery:discover_packages(colcon_meta) check parameters
[0.978s] INFO:colcon.colcon_metadata.package_discovery.colcon_meta:Using configuration from '/root/.colcon/metadata/default/Gazebo.meta'
[0.980s] INFO:colcon.colcon_metadata.package_discovery.colcon_meta:Using configuration from '/root/.colcon/metadata/default/fastdds.meta'
[0.981s] INFO:colcon.colcon_metadata.package_discovery.colcon_meta:Using configuration from '/root/.colcon/metadata/default/fastrtps.meta'
[0.982s] Level 1:colcon.colcon_core.package_discovery:discover_packages(recursive) check parameters
[0.982s] Level 1:colcon.colcon_core.package_discovery:discover_packages(ignore) check parameters
[0.982s] Level 1:colcon.colcon_core.package_discovery:discover_packages(path) check parameters
[0.983s] Level 1:colcon.colcon_core.package_discovery:discover_packages(colcon_meta) discover
[0.983s] Level 1:colcon.colcon_core.package_discovery:discover_packages(recursive) discover
[0.984s] INFO:colcon.colcon_core.package_discovery:Crawling recursively for packages in '/sim_ws/src/lidar_processing/scripts'
[0.985s] Level 1:colcon.colcon_core.package_identification:_identify(.) by extensions ['ignore', 'ignore_ament_install']
[0.986s] Level 1:colcon.colcon_core.package_identification:_identify(.) by extension 'ignore'
[0.987s] Level 1:colcon.colcon_core.package_identification:_identify(.) by extension 'ignore_ament_install'
[0.988s] Level 1:colcon.colcon_core.package_identification:_identify(.) by extensions ['colcon_pkg']
[0.989s] Level 1:colcon.colcon_core.package_identification:_identify(.) by extension 'colcon_pkg'
[0.989s] Level 1:colcon.colcon_core.package_identification:_identify(.) by extensions ['colcon_meta']
[0.989s] Level 1:colcon.colcon_core.package_identification:_identify(.) by extension 'colcon_meta'
[0.989s] Level 1:colcon.colcon_core.package_identification:_identify(.) by extensions ['ros']
[0.989s] Level 1:colcon.colcon_core.package_identification:_identify(.) by extension 'ros'
[1.050s] Level 1:colcon.colcon_core.package_identification:_identify(.) by extensions ['cmake', 'python']
[1.050s] Level 1:colcon.colcon_core.package_identification:_identify(.) by extension 'cmake'
[1.050s] Level 1:colcon.colcon_core.package_identification:_identify(.) by extension 'python'
[1.051s] Level 1:colcon.colcon_core.package_identification:_identify(.) by extensions ['python_setup_py']
[1.051s] Level 1:colcon.colcon_core.package_identification:_identify(.) by extension 'python_setup_py'
[1.051s] Level 1:colcon.colcon_core.package_identification:_identify(build) by extensions ['ignore', 'ignore_ament_install']
[1.051s] Level 1:colcon.colcon_core.package_identification:_identify(build) by extension 'ignore'
[1.052s] Level 1:colcon.colcon_core.package_identification:_identify(build) ignored
[1.052s] Level 1:colcon.colcon_core.package_identification:_identify(install) by extensions ['ignore', 'ignore_ament_install']
[1.052s] Level 1:colcon.colcon_core.package_identification:_identify(install) by extension 'ignore'
[1.053s] Level 1:colcon.colcon_core.package_identification:_identify(install) ignored
[1.053s] Level 1:colcon.colcon_core.package_identification:_identify(log) by extensions ['ignore', 'ignore_ament_install']
[1.053s] Level 1:colcon.colcon_core.package_identification:_identify(log) by extension 'ignore'
[1.053s] Level 1:colcon.colcon_core.package_identification:_identify(log) ignored
[1.054s] Level 1:colcon.colcon_core.package_identification:_identify(rework) by extensions ['ignore', 'ignore_ament_install']
[1.054s] Level 1:colcon.colcon_core.package_identification:_identify(rework) by extension 'ignore'
[1.054s] Level 1:colcon.colcon_core.package_identification:_identify(rework) by extension 'ignore_ament_install'
[1.055s] Level 1:colcon.colcon_core.package_identification:_identify(rework) by extensions ['colcon_pkg']
[1.055s] Level 1:colcon.colcon_core.package_identification:_identify(rework) by extension 'colcon_pkg'
[1.055s] Level 1:colcon.colcon_core.package_identification:_identify(rework) by extensions ['colcon_meta']
[1.055s] Level 1:colcon.colcon_core.package_identification:_identify(rework) by extension 'colcon_meta'
[1.055s] Level 1:colcon.colcon_core.package_identification:_identify(rework) by extensions ['ros']
[1.055s] Level 1:colcon.colcon_core.package_identification:_identify(rework) by extension 'ros'
[1.056s] Level 1:colcon.colcon_core.package_identification:_identify(rework) by extensions ['cmake', 'python']
[1.056s] Level 1:colcon.colcon_core.package_identification:_identify(rework) by extension 'cmake'
[1.056s] Level 1:colcon.colcon_core.package_identification:_identify(rework) by extension 'python'
[1.056s] Level 1:colcon.colcon_core.package_identification:_identify(rework) by extensions ['python_setup_py']
[1.056s] Level 1:colcon.colcon_core.package_identification:_identify(rework) by extension 'python_setup_py'
[1.056s] Level 1:colcon.colcon_core.package_identification:_identify(unused) by extensions ['ignore', 'ignore_ament_install']
[1.057s] Level 1:colcon.colcon_core.package_identification:_identify(unused) by extension 'ignore'
[1.057s] Level 1:colcon.colcon_core.package_identification:_identify(unused) by extension 'ignore_ament_install'
[1.057s] Level 1:colcon.colcon_core.package_identification:_identify(unused) by extensions ['colcon_pkg']
[1.057s] Level 1:colcon.colcon_core.package_identification:_identify(unused) by extension 'colcon_pkg'
[1.057s] Level 1:colcon.colcon_core.package_identification:_identify(unused) by extensions ['colcon_meta']
[1.058s] Level 1:colcon.colcon_core.package_identification:_identify(unused) by extension 'colcon_meta'
[1.058s] Level 1:colcon.colcon_core.package_identification:_identify(unused) by extensions ['ros']
[1.058s] Level 1:colcon.colcon_core.package_identification:_identify(unused) by extension 'ros'
[1.058s] Level 1:colcon.colcon_core.package_identification:_identify(unused) by extensions ['cmake', 'python']
[1.058s] Level 1:colcon.colcon_core.package_identification:_identify(unused) by extension 'cmake'
[1.059s] Level 1:colcon.colcon_core.package_identification:_identify(unused) by extension 'python'
[1.059s] Level 1:colcon.colcon_core.package_identification:_identify(unused) by extensions ['python_setup_py']
[1.059s] Level 1:colcon.colcon_core.package_identification:_identify(unused) by extension 'python_setup_py'
[1.059s] Level 1:colcon.colcon_core.package_discovery:discover_packages(recursive) using defaults
[1.060s] Level 1:colcon.colcon_core.package_discovery:discover_packages(ignore) discover
[1.060s] Level 1:colcon.colcon_core.package_discovery:discover_packages(ignore) using defaults
[1.060s] Level 1:colcon.colcon_core.package_discovery:discover_packages(path) discover
[1.060s] Level 1:colcon.colcon_core.package_discovery:discover_packages(path) using defaults
[1.064s] WARNING:colcon.colcon_core.package_selection:ignoring unknown package 'lidar_processing' in --packages-select
[1.115s] INFO:colcon.colcon_core.executor:Executing jobs using 'parallel' executor
[1.124s] DEBUG:colcon.colcon_parallel_executor.executor.parallel:run_until_complete
[1.125s] DEBUG:colcon.colcon_parallel_executor.executor.parallel:closing loop
[1.125s] DEBUG:colcon.colcon_parallel_executor.executor.parallel:loop closed
[1.125s] DEBUG:colcon.colcon_parallel_executor.executor.parallel:run_until_complete finished with '0'
[1.125s] DEBUG:colcon.colcon_core.event_reactor:joining thread
[1.139s] INFO:colcon.colcon_core.plugin_system:Skipping extension 'colcon_notification.desktop_notification.notify_send': Could not find 'notify-send'
[1.139s] INFO:colcon.colcon_core.plugin_system:Skipping extension 'colcon_notification.desktop_notification.terminal_notifier': Not used on non-Darwin systems
[1.140s] INFO:colcon.colcon_core.plugin_system:Skipping extension 'colcon_notification.desktop_notification.win32': Not used on non-Windows systems
[1.140s] INFO:colcon.colcon_notification.desktop_notification:Sending desktop notification using 'notify2'
[1.159s] DEBUG:colcon.colcon_notification.desktop_notification.notify2:Failed to initialize notify2: org.freedesktop.DBus.Error.ServiceUnknown: The name org.freedesktop.Notifications was not provided by any .service files
[1.161s] DEBUG:colcon.colcon_core.event_reactor:joined thread
[1.175s] INFO:colcon.colcon_core.plugin_system:Skipping extension 'colcon_core.shell.bat': Not used on non-Windows systems
[1.176s] INFO:colcon.colcon_core.shell:Creating prefix script '/sim_ws/src/lidar_processing/scripts/install/local_setup.ps1'
[1.179s] INFO:colcon.colcon_core.shell:Creating prefix util module '/sim_ws/src/lidar_processing/scripts/install/_local_setup_util_ps1.py'
[1.183s] INFO:colcon.colcon_core.shell:Creating prefix chain script '/sim_ws/src/lidar_processing/scripts/install/setup.ps1'
[1.187s] WARNING:colcon.colcon_core.prefix_path.colcon:The path '/sim_ws/install' in the environment variable COLCON_PREFIX_PATH doesn't exist
[1.188s] WARNING:colcon.colcon_ros.prefix_path.ament:The path '/sim_ws/install/safety_node' in the environment variable AMENT_PREFIX_PATH doesn't exist
[1.189s] WARNING:colcon.colcon_ros.prefix_path.ament:The path '/sim_ws/install/py_wallfollow' in the environment variable AMENT_PREFIX_PATH doesn't exist
[1.190s] WARNING:colcon.colcon_ros.prefix_path.ament:The path '/sim_ws/install/pure_pursuit' in the environment variable AMENT_PREFIX_PATH doesn't exist
[1.190s] WARNING:colcon.colcon_ros.prefix_path.ament:The path '/sim_ws/install/my_pcl_tutorial' in the environment variable AMENT_PREFIX_PATH doesn't exist
[1.190s] WARNING:colcon.colcon_ros.prefix_path.ament:The path '/sim_ws/install/lidar_processing' in the environment variable AMENT_PREFIX_PATH doesn't exist
[1.191s] WARNING:colcon.colcon_ros.prefix_path.ament:The path '/sim_ws/install/gt_follow_gap' in the environment variable AMENT_PREFIX_PATH doesn't exist
[1.192s] WARNING:colcon.colcon_ros.prefix_path.ament:The path '/sim_ws/install/f1tenth_gym_ros' in the environment variable AMENT_PREFIX_PATH doesn't exist
[1.192s] WARNING:colcon.colcon_ros.prefix_path.ament:The path '/sim_ws/install/drift_detector' in the environment variable AMENT_PREFIX_PATH doesn't exist
[1.193s] WARNING:colcon.colcon_ros.prefix_path.catkin:The path '/sim_ws/install/safety_node' in the environment variable CMAKE_PREFIX_PATH doesn't exist
[1.193s] WARNING:colcon.colcon_ros.prefix_path.catkin:The path '/sim_ws/install/pure_pursuit' in the environment variable CMAKE_PREFIX_PATH doesn't exist
[1.194s] WARNING:colcon.colcon_ros.prefix_path.catkin:The path '/sim_ws/install/my_pcl_tutorial' in the environment variable CMAKE_PREFIX_PATH doesn't exist
[1.195s] WARNING:colcon.colcon_ros.prefix_path.catkin:The path '/sim_ws/install/lidar_processing' in the environment variable CMAKE_PREFIX_PATH doesn't exist
[1.198s] INFO:colcon.colcon_core.shell:Creating prefix script '/sim_ws/src/lidar_processing/scripts/install/local_setup.sh'
[1.199s] INFO:colcon.colcon_core.shell:Creating prefix util module '/sim_ws/src/lidar_processing/scripts/install/_local_setup_util_sh.py'
[1.202s] INFO:colcon.colcon_core.shell:Creating prefix chain script '/sim_ws/src/lidar_processing/scripts/install/setup.sh'
[1.206s] INFO:colcon.colcon_core.shell:Creating prefix script '/sim_ws/src/lidar_processing/scripts/install/local_setup.bash'
[1.207s] INFO:colcon.colcon_core.shell:Creating prefix chain script '/sim_ws/src/lidar_processing/scripts/install/setup.bash'
[1.212s] INFO:colcon.colcon_core.shell:Creating prefix script '/sim_ws/src/lidar_processing/scripts/install/local_setup.zsh'
[1.214s] INFO:colcon.colcon_core.shell:Creating prefix chain script '/sim_ws/src/lidar_processing/scripts/install/setup.zsh'
